../Core/Src/main.c:119:12:ADC_Convert_3V3	2
../Core/Src/main.c:85:5:main	5
../Core/Src/main.c:138:12:ADC_Convert_5V	2
../Core/Src/main.c:157:12:ADC_Convert_12V	2
../Core/Src/main.c:176:12:ADC_Convert_3V3_Current	2
../Core/Src/main.c:195:12:ADC_Convert_5V_Current	2
../Core/Src/main.c:214:12:ADC_Convert_12V_Current	2
../Core/Src/main.c:271:6:SystemClock_Config	4
../Core/Src/main.c:320:13:MX_ADC1_Init	3
../Core/Src/main.c:370:13:MX_ADC2_Init	2
../Core/Src/main.c:410:13:MX_I2C1_Init	4
../Core/Src/main.c:458:13:MX_TIM1_Init	7
../Core/Src/main.c:537:13:MX_GPIO_Init	1
../Core/Src/main.c:579:6:Error_Handler	1
