../Core/Src/main.c:118:12:ADC_Convert_3V3	2
../Core/Src/main.c:84:5:main	5
../Core/Src/main.c:137:12:ADC_Convert_5V	2
../Core/Src/main.c:156:12:ADC_Convert_12V	2
../Core/Src/main.c:175:12:ADC_Convert_3V3_Current	2
../Core/Src/main.c:194:12:ADC_Convert_5V_Current	2
../Core/Src/main.c:213:12:ADC_Convert_12V_Current	2
../Core/Src/main.c:267:6:SystemClock_Config	4
../Core/Src/main.c:316:13:MX_ADC1_Init	3
../Core/Src/main.c:366:13:MX_ADC2_Init	2
../Core/Src/main.c:406:13:MX_I2C1_Init	4
../Core/Src/main.c:454:13:MX_TIM1_Init	7
../Core/Src/main.c:533:13:MX_GPIO_Init	1
../Core/Src/main.c:575:6:Error_Handler	1
