../Core/Src/main.c:123:12:ADC_Convert_3V3	48	static
../Core/Src/main.c:89:5:main	32	static
../Core/Src/main.c:142:12:ADC_Convert_5V	48	static
../Core/Src/main.c:161:12:ADC_Convert_12V	48	static
../Core/Src/main.c:180:12:ADC_Convert_3V3_Current	48	static
../Core/Src/main.c:199:12:ADC_Convert_5V_Current	48	static
../Core/Src/main.c:218:12:ADC_Convert_12V_Current	48	static
../Core/Src/main.c:304:6:SystemClock_Config	96	static
../Core/Src/main.c:353:13:MX_ADC1_Init	24	static
../Core/Src/main.c:403:13:MX_ADC2_Init	8	static
../Core/Src/main.c:443:13:MX_I2C1_Init	8	static
../Core/Src/main.c:491:13:MX_TIM1_Init	112	static
../Core/Src/main.c:570:13:MX_GPIO_Init	40	static
../Core/Src/main.c:604:6:HAL_I2C_AddrCallback	16	static
../Core/Src/main.c:619:6:HAL_I2C_SlaveRxCpltCallback	16	static
../Core/Src/main.c:627:6:HAL_I2C_SlaveTxCpltCallback	16	static
../Core/Src/main.c:635:6:HAL_I2C_ListenCpltCallback	16	static
../Core/Src/main.c:648:6:Error_Handler	4	static,ignoring_inline_asm
