../Core/Src/main.c:90:5:main	72	static
../Core/Src/main.c:171:6:SystemClock_Config	96	static
../Core/Src/main.c:220:13:MX_ADC1_Init	48	static
../Core/Src/main.c:304:13:MX_ADC2_Init	32	static
../Core/Src/main.c:379:13:MX_I2C1_Init	8	static
../Core/Src/main.c:427:13:MX_TIM1_Init	112	static
../Core/Src/main.c:504:13:MX_DMA_Init	16	static
../Core/Src/main.c:525:13:MX_GPIO_Init	40	static
../Core/Src/main.c:560:6:HAL_ADC_ConvCpltCallback	16	static
../Core/Src/main.c:571:6:Error_Handler	4	static,ignoring_inline_asm
